// Jest Snapshot v1, https://goo.gl/fbAQLP

exports[`Testing in App.js Component <App/> should show correctly 1`] = `
<div
  className="container"
>
  <h1>
    Gif App React
  </h1>
  <SearchInput
    handleQuery={[Function]}
  />
  <div
    className="content"
  >
    <GifGrid
      query=""
    />
  </div>
</div>
`;
